2026-10-02 16:08:21,215 config_sha256=d7edee1d922850af02ee6fe9689313dd9bd166b6f41772f29e38171b4b1c6bdd
2026-10-02 16:08:21,263 git_sha=unknown
2026-10-02 16:08:21,263 python=3.12.10 (tags/v3.12.10:0cc8128, Apr  8 2025, 12:21:36) [MSC v.1943 64 bit (AMD64)]
2026-10-02 16:08:21,295 platform=Windows-11-10.0.26200-SP0
2026-10-02 16:08:21,295 device=cuda gpu=NVIDIA GeForce RTX 5080 Laptop GPU
2026-10-02 16:08:21,296 cwd=C:\Users\ADS-Admin\data266-lab\ayush repo=C:\Users\ADS-Admin\data266-lab\ayush
2026-10-02 16:08:21,296 config={
  "seed": 42,
  "member": "ayush",
  "device": "cuda",
  "paths": {
    "task1_data": "task1_llm/data",
    "task2_splits": "task2_sentiment/data/splits",
    "task3_data": "task3_gan/data",
    "logs": "reproducibility/raw_logs/ayush",
    "manifests": "reproducibility/manifests"
  },
  "task1": {
    "hf_dataset": "roneneldan/TinyStories",
    "train_stories": 100000,
    "val_stories": 10000,
    "train_sequences": 100000,
    "val_sequences": 10000,
    "split_seed": 42,
    "block_size": 256,
    "batch_size": 64,
    "samples_per_epoch": 20000,
    "epochs": 30,
    "n_layer": 4,
    "n_head": 4,
    "d_model": 256,
    "d_ff": 1024,
    "dropout": 0.1,
    "norm_position": "pre",
    "activation": "GELU",
    "tie_weights": true,
    "lr": 0.0003,
    "warmup_steps": 200,
    "schedule": "cosine",
    "weight_decay": 0.1,
    "grad_clip": 1.0,
    "gen": {
      "n_samples": 20,
      "max_new_tokens": 500,
      "temperature": 0.8
    }
  },
  "task2": {
    "n_train": 100000,
    "n_val": 20000,
    "split_seed": 42,
    "max_vocab": 30000,
    "max_len": 256,
    "batch_size": 64,
    "epochs": 5,
    "lr": 0.001,
    "early_stop_patience": 2,
    "models": [
      "textcnn",
      "bilstm",
      "bilstm_attn"
    ]
  },
  "task3": {
    "image_size": 256,
    "photo_subset": 2000,
    "photo_subset_seed": 42,
    "batch_size": 1,
    "epochs": 40,
    "decay_start_epoch": 25,
    "lr": 0.0002,
    "beta1": 0.5,
    "lambda_cycle": 10.0,
    "lambda_identity": 0.5,
    "pool_size": 50,
    "n_eval": 300,
    "generator": "resnet9"
  }
}
2026-10-02 16:08:21,687 pip_freeze_begin
colorama==0.4.6
contourpy==1.4.0
cycler==0.12.1
filelock==3.32.3
fonttools==4.66.1
fsspec==2026.7.0
Jinja2==3.1.6
kiwisolver==1.5.1
MarkupSafe==3.0.3
matplotlib==3.11.2
mpmath==1.3.0
networkx==3.6.1
numpy==2.5.2
packaging==26.3
pillow==12.3.0
pyparsing==3.3.3
python-dateutil==2.9.0.post0
PyYAML==6.0.3
scipy==1.18.1
setuptools==78.1.0
six==1.17.0
sympy==1.14.0
torch==2.11.0+cu128
torchvision==0.26.0+cu128
tqdm==4.70.1
typing_extensions==4.16.0

pip_freeze_end
2026-10-02 16:08:21,687 log_path=C:\Users\ADS-Admin\data266-lab\ayush\reproducibility\raw_logs\ayush\task3_cyclegan_20261002T230821Z.log
2026-10-02 16:08:21,700 monets=300 photos=6438 epochs=50 smoke=0 all_photos=1 resume=task3_gan\ayush\checkpoints\cyclegan_epoch45.pt
2026-10-02 16:08:21,700 device=NVIDIA GeForce RTX 5080 Laptop GPU mem_gb=15.9 batch=4 workers=12 amp=bf16
2026-10-02 16:08:22,066 resumed epoch=45 from task3_gan\ayush\checkpoints\cyclegan_epoch45.pt
2026-10-02 16:08:22,127 params_total=28298120
2026-10-02 16:08:22,129 restored Adam and epoch_in_run=45
2026-10-02 16:09:44,986 epoch=46 step=1 loss_G=2.6199 loss_D_A=0.1477 loss_D_B=0.1405 cycle=0.0939 idt=0.0723 gnorm=17.844 dnorm=5.296 nan=0
2026-10-02 16:10:21,148 epoch=46 step=100 loss_G=2.2856 loss_D_A=0.1704 loss_D_B=0.1772 cycle=0.1136 idt=0.0822 gnorm=15.821 dnorm=4.644 nan=0
2026-10-02 16:10:54,379 epoch=46 step=200 loss_G=2.1951 loss_D_A=0.1513 loss_D_B=0.2610 cycle=0.0893 idt=0.0731 gnorm=11.141 dnorm=4.716 nan=0
2026-10-02 16:11:28,915 epoch=46 step=300 loss_G=2.9974 loss_D_A=0.1041 loss_D_B=0.1286 cycle=0.1382 idt=0.1288 gnorm=15.473 dnorm=4.355 nan=0
2026-10-02 16:12:04,069 epoch=46 step=400 loss_G=2.4396 loss_D_A=0.1452 loss_D_B=0.1745 cycle=0.0968 idt=0.0791 gnorm=9.804 dnorm=4.785 nan=0
2026-10-02 16:12:38,593 epoch=46 step=500 loss_G=2.4074 loss_D_A=0.1291 loss_D_B=0.1473 cycle=0.1054 idt=0.0785 gnorm=22.166 dnorm=5.773 nan=0
2026-10-02 16:13:13,604 epoch=46 step=600 loss_G=2.2969 loss_D_A=0.0736 loss_D_B=0.1256 cycle=0.0937 idt=0.0731 gnorm=9.143 dnorm=3.899 nan=0
2026-10-02 16:13:50,960 epoch=46 step=700 loss_G=2.5407 loss_D_A=0.1534 loss_D_B=0.1391 cycle=0.1112 idt=0.0937 gnorm=14.012 dnorm=5.828 nan=0
2026-10-02 16:14:25,081 epoch=46 step=800 loss_G=2.3835 loss_D_A=0.2253 loss_D_B=0.2354 cycle=0.1151 idt=0.0725 gnorm=15.286 dnorm=6.881 nan=0
2026-10-02 16:14:59,063 epoch=46 step=900 loss_G=2.1925 loss_D_A=0.1436 loss_D_B=0.2717 cycle=0.0987 idt=0.0799 gnorm=9.659 dnorm=6.774 nan=0
2026-10-02 16:15:34,944 epoch=46 step=1000 loss_G=2.1651 loss_D_A=0.1410 loss_D_B=0.1503 cycle=0.1007 idt=0.0750 gnorm=12.102 dnorm=7.093 nan=0
2026-10-02 16:16:08,792 epoch=46 step=1100 loss_G=2.4187 loss_D_A=0.1277 loss_D_B=0.2635 cycle=0.1077 idt=0.0809 gnorm=16.751 dnorm=7.477 nan=0
2026-10-02 16:16:43,282 epoch=46 step=1200 loss_G=2.1088 loss_D_A=0.2311 loss_D_B=0.1607 cycle=0.0892 idt=0.0653 gnorm=12.259 dnorm=8.389 nan=0
2026-10-02 16:17:18,967 epoch=46 step=1300 loss_G=2.0218 loss_D_A=0.1212 loss_D_B=0.1798 cycle=0.1094 idt=0.0756 gnorm=12.339 dnorm=5.361 nan=0
2026-10-02 16:17:52,358 epoch=46 step=1400 loss_G=2.0798 loss_D_A=0.1915 loss_D_B=0.1926 cycle=0.0870 idt=0.0789 gnorm=21.607 dnorm=6.705 nan=0
2026-10-02 16:18:28,474 epoch=46 step=1500 loss_G=2.4068 loss_D_A=0.1511 loss_D_B=0.1474 cycle=0.0922 idt=0.0699 gnorm=10.535 dnorm=5.529 nan=0
2026-10-02 16:19:05,701 epoch=46 step=1600 loss_G=2.1948 loss_D_A=0.1488 loss_D_B=0.1824 cycle=0.0924 idt=0.0694 gnorm=14.552 dnorm=5.873 nan=0
2026-10-02 16:19:12,425 epoch_mean={'g': 2.233586471273292, 'd_a': 0.15744953984799592, 'd_b': 0.1995745167228746, 'cycle': 0.09812071427055027, 'identity': 0.07879141576541877, 'epoch': 46}
2026-10-02 16:19:15,642 epoch=47 step=1 loss_G=2.3381 loss_D_A=0.1804 loss_D_B=0.1527 cycle=0.0998 idt=0.0796 gnorm=18.934 dnorm=5.864 nan=0
2026-10-02 16:19:49,959 epoch=47 step=100 loss_G=2.0295 loss_D_A=0.1025 loss_D_B=0.1736 cycle=0.0876 idt=0.0665 gnorm=9.762 dnorm=5.957 nan=0
2026-10-02 16:20:26,103 epoch=47 step=200 loss_G=2.7684 loss_D_A=0.1346 loss_D_B=0.1838 cycle=0.1236 idt=0.1372 gnorm=20.316 dnorm=5.283 nan=0
2026-10-02 16:21:01,079 epoch=47 step=300 loss_G=2.2901 loss_D_A=0.1314 loss_D_B=0.2561 cycle=0.0945 idt=0.0664 gnorm=16.582 dnorm=9.350 nan=0
2026-10-02 16:21:34,878 epoch=47 step=400 loss_G=2.0718 loss_D_A=0.2010 loss_D_B=0.2104 cycle=0.0941 idt=0.0699 gnorm=18.664 dnorm=9.363 nan=0
2026-10-02 16:22:09,353 epoch=47 step=500 loss_G=2.1423 loss_D_A=0.1790 loss_D_B=0.1737 cycle=0.0887 idt=0.0704 gnorm=9.413 dnorm=5.715 nan=0
2026-10-02 16:22:42,720 epoch=47 step=600 loss_G=2.0697 loss_D_A=0.1257 loss_D_B=0.1758 cycle=0.0821 idt=0.0800 gnorm=14.229 dnorm=5.285 nan=0
2026-10-02 16:23:18,659 epoch=47 step=700 loss_G=2.4009 loss_D_A=0.1088 loss_D_B=0.2470 cycle=0.1200 idt=0.0920 gnorm=12.629 dnorm=6.704 nan=0
2026-10-02 16:23:54,422 epoch=47 step=800 loss_G=2.1725 loss_D_A=0.1932 loss_D_B=0.2056 cycle=0.0929 idt=0.0680 gnorm=8.856 dnorm=8.166 nan=0
2026-10-02 16:24:28,574 epoch=47 step=900 loss_G=2.2995 loss_D_A=0.1447 loss_D_B=0.2171 cycle=0.0979 idt=0.0777 gnorm=11.454 dnorm=5.848 nan=0
2026-10-02 16:25:02,325 epoch=47 step=1000 loss_G=1.7802 loss_D_A=0.1574 loss_D_B=0.2126 cycle=0.0742 idt=0.0613 gnorm=8.785 dnorm=9.621 nan=0
2026-10-02 16:25:37,263 epoch=47 step=1100 loss_G=2.0589 loss_D_A=0.1149 loss_D_B=0.2120 cycle=0.0951 idt=0.0653 gnorm=17.318 dnorm=6.698 nan=0
2026-10-02 16:26:11,282 epoch=47 step=1200 loss_G=2.0751 loss_D_A=0.1735 loss_D_B=0.1798 cycle=0.0884 idt=0.0672 gnorm=13.630 dnorm=5.768 nan=0
2026-10-02 16:26:46,882 epoch=47 step=1300 loss_G=2.2337 loss_D_A=0.1732 loss_D_B=0.2228 cycle=0.0935 idt=0.0645 gnorm=11.293 dnorm=7.875 nan=0
2026-10-02 16:27:22,700 epoch=47 step=1400 loss_G=2.2199 loss_D_A=0.1220 loss_D_B=0.1899 cycle=0.0943 idt=0.0710 gnorm=10.687 dnorm=6.966 nan=0
2026-10-02 16:27:57,704 epoch=47 step=1500 loss_G=2.2359 loss_D_A=0.1406 loss_D_B=0.2444 cycle=0.0971 idt=0.0785 gnorm=12.351 dnorm=6.506 nan=0
2026-10-02 16:28:33,622 epoch=47 step=1600 loss_G=2.1852 loss_D_A=0.1966 loss_D_B=0.2218 cycle=0.1007 idt=0.0855 gnorm=13.470 dnorm=8.126 nan=0
2026-10-02 16:28:37,094 epoch_mean={'g': 2.2105374733113354, 'd_a': 0.15252222096697884, 'd_b': 0.19872688625169838, 'cycle': 0.09496272306264557, 'identity': 0.07560694439810996, 'epoch': 47}
2026-10-02 16:28:38,214 epoch=48 step=1 loss_G=2.8855 loss_D_A=0.1356 loss_D_B=0.1823 cycle=0.1221 idt=0.1298 gnorm=18.211 dnorm=7.366 nan=0
2026-10-02 16:29:13,309 epoch=48 step=100 loss_G=2.0788 loss_D_A=0.2056 loss_D_B=0.2406 cycle=0.0984 idt=0.0737 gnorm=13.935 dnorm=5.189 nan=0
2026-10-02 16:29:45,716 epoch=48 step=200 loss_G=2.2055 loss_D_A=0.1957 loss_D_B=0.1847 cycle=0.0915 idt=0.0689 gnorm=12.151 dnorm=6.111 nan=0
2026-10-02 16:30:18,048 epoch=48 step=300 loss_G=2.1156 loss_D_A=0.1318 loss_D_B=0.1863 cycle=0.0920 idt=0.0645 gnorm=12.171 dnorm=6.636 nan=0
2026-10-02 16:30:50,041 epoch=48 step=400 loss_G=2.1808 loss_D_A=0.1108 loss_D_B=0.1349 cycle=0.0966 idt=0.0691 gnorm=10.248 dnorm=5.456 nan=0
2026-10-02 16:31:22,104 epoch=48 step=500 loss_G=2.2881 loss_D_A=0.0816 loss_D_B=0.1812 cycle=0.0991 idt=0.0943 gnorm=13.039 dnorm=4.732 nan=0
2026-10-02 16:31:54,180 epoch=48 step=600 loss_G=2.3585 loss_D_A=0.1312 loss_D_B=0.2237 cycle=0.1102 idt=0.0775 gnorm=18.115 dnorm=6.317 nan=0
2026-10-02 16:32:27,188 epoch=48 step=700 loss_G=1.9623 loss_D_A=0.1681 loss_D_B=0.2207 cycle=0.0835 idt=0.0657 gnorm=13.326 dnorm=5.944 nan=0
2026-10-02 16:32:59,899 epoch=48 step=800 loss_G=1.8722 loss_D_A=0.1645 loss_D_B=0.2247 cycle=0.0871 idt=0.0641 gnorm=12.779 dnorm=7.743 nan=0
2026-10-02 16:33:33,359 epoch=48 step=900 loss_G=2.1368 loss_D_A=0.1846 loss_D_B=0.1909 cycle=0.0846 idt=0.0672 gnorm=11.302 dnorm=6.406 nan=0
2026-10-02 16:34:07,588 epoch=48 step=1000 loss_G=2.4423 loss_D_A=0.1618 loss_D_B=0.1358 cycle=0.1136 idt=0.0930 gnorm=20.265 dnorm=8.925 nan=0
2026-10-02 16:34:39,828 epoch=48 step=1100 loss_G=2.0240 loss_D_A=0.1775 loss_D_B=0.2634 cycle=0.0909 idt=0.0802 gnorm=13.884 dnorm=7.589 nan=0
2026-10-02 16:35:12,183 epoch=48 step=1200 loss_G=2.0815 loss_D_A=0.1252 loss_D_B=0.2471 cycle=0.0815 idt=0.0659 gnorm=12.546 dnorm=7.429 nan=0
2026-10-02 16:35:45,398 epoch=48 step=1300 loss_G=2.0476 loss_D_A=0.1753 loss_D_B=0.2192 cycle=0.0857 idt=0.0711 gnorm=8.174 dnorm=7.719 nan=0
2026-10-02 16:36:17,917 epoch=48 step=1400 loss_G=2.1730 loss_D_A=0.2457 loss_D_B=0.1961 cycle=0.0853 idt=0.0684 gnorm=14.912 dnorm=10.452 nan=0
2026-10-02 16:36:50,234 epoch=48 step=1500 loss_G=1.9376 loss_D_A=0.1701 loss_D_B=0.2160 cycle=0.0795 idt=0.0585 gnorm=11.999 dnorm=6.807 nan=0
2026-10-02 16:37:22,112 epoch=48 step=1600 loss_G=2.0261 loss_D_A=0.1480 loss_D_B=0.2309 cycle=0.0759 idt=0.0596 gnorm=11.808 dnorm=7.592 nan=0
2026-10-02 16:37:25,246 epoch_mean={'g': 2.1893124029503106, 'd_a': 0.15161195364057647, 'd_b': 0.19879427133880045, 'cycle': 0.09292029149784065, 'identity': 0.07353468237456327, 'epoch': 48}
2026-10-02 16:37:26,442 epoch=49 step=1 loss_G=2.1090 loss_D_A=0.1347 loss_D_B=0.1460 cycle=0.0848 idt=0.0662 gnorm=14.135 dnorm=7.347 nan=0
2026-10-02 16:38:00,071 epoch=49 step=100 loss_G=2.0921 loss_D_A=0.1515 loss_D_B=0.1895 cycle=0.0889 idt=0.0637 gnorm=12.024 dnorm=7.032 nan=0
2026-10-02 16:38:33,562 epoch=49 step=200 loss_G=2.1427 loss_D_A=0.1589 loss_D_B=0.1512 cycle=0.0905 idt=0.0794 gnorm=22.852 dnorm=5.296 nan=0
2026-10-02 16:39:06,850 epoch=49 step=300 loss_G=2.3801 loss_D_A=0.1715 loss_D_B=0.1498 cycle=0.0936 idt=0.0628 gnorm=17.041 dnorm=6.573 nan=0
2026-10-02 16:39:40,434 epoch=49 step=400 loss_G=2.2563 loss_D_A=0.1821 loss_D_B=0.1570 cycle=0.0798 idt=0.0686 gnorm=9.707 dnorm=6.685 nan=0
2026-10-02 16:40:13,007 epoch=49 step=500 loss_G=1.8534 loss_D_A=0.2072 loss_D_B=0.1901 cycle=0.0886 idt=0.0660 gnorm=15.377 dnorm=9.156 nan=0
2026-10-02 16:40:45,374 epoch=49 step=600 loss_G=2.0656 loss_D_A=0.1833 loss_D_B=0.1805 cycle=0.0935 idt=0.0687 gnorm=11.017 dnorm=7.544 nan=0
2026-10-02 16:41:18,016 epoch=49 step=700 loss_G=2.1175 loss_D_A=0.1818 loss_D_B=0.2225 cycle=0.0914 idt=0.0875 gnorm=8.472 dnorm=6.428 nan=0
2026-10-02 16:41:50,103 epoch=49 step=800 loss_G=2.2857 loss_D_A=0.0745 loss_D_B=0.1606 cycle=0.0797 idt=0.0583 gnorm=12.569 dnorm=4.853 nan=0
2026-10-02 16:42:22,430 epoch=49 step=900 loss_G=1.9722 loss_D_A=0.1609 loss_D_B=0.1584 cycle=0.0965 idt=0.0631 gnorm=13.685 dnorm=7.050 nan=0
2026-10-02 16:42:55,498 epoch=49 step=1000 loss_G=2.1117 loss_D_A=0.1351 loss_D_B=0.2428 cycle=0.0906 idt=0.0642 gnorm=10.838 dnorm=5.845 nan=0
2026-10-02 16:43:28,547 epoch=49 step=1100 loss_G=2.3014 loss_D_A=0.2423 loss_D_B=0.1584 cycle=0.0974 idt=0.0755 gnorm=12.161 dnorm=6.961 nan=0
2026-10-02 16:44:01,048 epoch=49 step=1200 loss_G=2.0939 loss_D_A=0.1544 loss_D_B=0.2306 cycle=0.0851 idt=0.0660 gnorm=12.300 dnorm=7.264 nan=0
2026-10-02 16:44:33,549 epoch=49 step=1300 loss_G=2.2905 loss_D_A=0.1873 loss_D_B=0.1654 cycle=0.0855 idt=0.0711 gnorm=11.420 dnorm=7.094 nan=0
2026-10-02 16:45:05,992 epoch=49 step=1400 loss_G=2.2039 loss_D_A=0.1531 loss_D_B=0.1702 cycle=0.0916 idt=0.0664 gnorm=10.008 dnorm=6.387 nan=0
2026-10-02 16:45:38,297 epoch=49 step=1500 loss_G=1.8163 loss_D_A=0.1629 loss_D_B=0.1937 cycle=0.0752 idt=0.0555 gnorm=10.198 dnorm=6.093 nan=0
2026-10-02 16:46:11,013 epoch=49 step=1600 loss_G=2.1403 loss_D_A=0.2149 loss_D_B=0.1539 cycle=0.0919 idt=0.0640 gnorm=17.771 dnorm=7.961 nan=0
2026-10-02 16:46:14,119 epoch_mean={'g': 2.16911014533191, 'd_a': 0.14822719408118207, 'd_b': 0.19484285153217198, 'cycle': 0.09047587140006308, 'identity': 0.07138905021714868, 'epoch': 49}
2026-10-02 16:46:15,242 epoch=50 step=1 loss_G=1.7335 loss_D_A=0.1482 loss_D_B=0.1855 cycle=0.0810 idt=0.0569 gnorm=15.594 dnorm=7.823 nan=0
2026-10-02 16:46:48,286 epoch=50 step=100 loss_G=1.9271 loss_D_A=0.1420 loss_D_B=0.1815 cycle=0.0735 idt=0.0596 gnorm=10.185 dnorm=6.377 nan=0
2026-10-02 16:47:20,517 epoch=50 step=200 loss_G=2.1004 loss_D_A=0.1498 loss_D_B=0.2658 cycle=0.0825 idt=0.0666 gnorm=11.066 dnorm=7.942 nan=0
2026-10-02 16:47:52,981 epoch=50 step=300 loss_G=2.0087 loss_D_A=0.2002 loss_D_B=0.1750 cycle=0.0850 idt=0.0664 gnorm=10.707 dnorm=8.036 nan=0
2026-10-02 16:48:27,157 epoch=50 step=400 loss_G=2.0586 loss_D_A=0.1624 loss_D_B=0.1884 cycle=0.0876 idt=0.0702 gnorm=8.851 dnorm=6.996 nan=0
2026-10-02 16:49:00,002 epoch=50 step=500 loss_G=2.8568 loss_D_A=0.1159 loss_D_B=0.1640 cycle=0.1382 idt=0.1264 gnorm=14.555 dnorm=7.101 nan=0
2026-10-02 16:49:32,456 epoch=50 step=600 loss_G=2.1474 loss_D_A=0.1319 loss_D_B=0.2103 cycle=0.0913 idt=0.0809 gnorm=13.218 dnorm=8.904 nan=0
2026-10-02 16:50:05,352 epoch=50 step=700 loss_G=2.4740 loss_D_A=0.1057 loss_D_B=0.3020 cycle=0.1001 idt=0.0927 gnorm=17.535 dnorm=8.272 nan=0
2026-10-02 16:50:37,903 epoch=50 step=800 loss_G=1.9084 loss_D_A=0.1343 loss_D_B=0.1708 cycle=0.0771 idt=0.0532 gnorm=12.107 dnorm=6.300 nan=0
2026-10-02 16:51:10,427 epoch=50 step=900 loss_G=1.7223 loss_D_A=0.2229 loss_D_B=0.1584 cycle=0.0765 idt=0.0536 gnorm=9.906 dnorm=8.632 nan=0
2026-10-02 16:51:42,935 epoch=50 step=1000 loss_G=2.1295 loss_D_A=0.0988 loss_D_B=0.1946 cycle=0.0865 idt=0.0624 gnorm=10.833 dnorm=7.889 nan=0
2026-10-02 16:52:15,269 epoch=50 step=1100 loss_G=1.8142 loss_D_A=0.2274 loss_D_B=0.2509 cycle=0.0731 idt=0.0497 gnorm=14.431 dnorm=12.486 nan=0
2026-10-02 16:52:47,789 epoch=50 step=1200 loss_G=2.1898 loss_D_A=0.1623 loss_D_B=0.2352 cycle=0.0808 idt=0.0617 gnorm=11.313 dnorm=7.269 nan=0
2026-10-02 16:53:21,396 epoch=50 step=1300 loss_G=2.0253 loss_D_A=0.1584 loss_D_B=0.2276 cycle=0.0959 idt=0.0745 gnorm=9.433 dnorm=7.966 nan=0
2026-10-02 16:53:54,477 epoch=50 step=1400 loss_G=2.3703 loss_D_A=0.0952 loss_D_B=0.1992 cycle=0.0938 idt=0.0766 gnorm=13.741 dnorm=6.681 nan=0
2026-10-02 16:54:26,416 epoch=50 step=1500 loss_G=2.0588 loss_D_A=0.1677 loss_D_B=0.1572 cycle=0.0832 idt=0.0776 gnorm=9.966 dnorm=7.563 nan=0
2026-10-02 16:54:59,166 epoch=50 step=1600 loss_G=1.8761 loss_D_A=0.2220 loss_D_B=0.1828 cycle=0.0777 idt=0.0593 gnorm=8.300 dnorm=8.461 nan=0
2026-10-02 16:55:02,321 epoch_mean={'g': 2.1501381441673137, 'd_a': 0.14523988332807647, 'd_b': 0.19402060182938666, 'cycle': 0.08836388439865586, 'identity': 0.06966836111886161, 'epoch': 50}
2026-10-02 16:55:04,512 done metrics={'final_cycle_loss': 0.08836388439865586, 'final_identity_loss': 0.06966836111886161, 'grad_norm_g_max': 83.44396209716797, 'grad_norm_d_max': 16.401378631591797, 'nan_count': 0, 'param_count_total': 28298120, 'train_seconds': 2802.3345959186554, 'images_per_sec': 22.980838938288354, 'peak_mem_gb': 9.88407296, 'epochs': 95, 'smoke': 0, 'photos': 6438, 'resumed_from': 45, 'batch_size': 4}
